<html>
<body>
<pre>
<h1>µVision Build Log</h1>
<h2>Tool Versions:</h2>
IDE-Version: µVision V5.38.0.0
Copyright (C) 2022 ARM Ltd and ARM Germany GmbH. All rights reserved.
License Information: asdf asdf, asdf, LIC=----
 
Tool Versions:
Toolchain:       MDK-Lite  Version: 5.38.0.0
Toolchain Path:  C:\Keil_v5\ARM\ARMCLANG\Bin
C Compiler:      ArmClang.exe V6.19
Assembler:       Armasm.exe V6.19
Linker/Locator:  ArmLink.exe V6.19
Library Manager: ArmAr.exe V6.19
Hex Converter:   FromElf.exe V6.19
CPU DLL:         SARMCM3.DLL V5.38.0.0
Dialog DLL:      DCM.DLL V1.17.5.0
Target DLL:      UL2CM3.DLL V1.164.8.0
Dialog DLL:      TCM.DLL V1.56.4.0
 
<h2>Project:</h2>
C:\Users\Nick\Documents\lab11\lab11my\lab11my.uvprojx
Project File Date:  11/30/2022

<h2>Output:</h2>
*** Using Compiler 'V6.19', folder: 'C:\Keil_v5\ARM\ARMCLANG\Bin'
Build target 'Target 1'
main.c(1): warning: In file included from...
./Include\stm32f4xx_gpio.h(38): warning: In file included from...
./Include/stm32f4xx.h(15): warning: invalid UTF-8 in comment [-Winvalid-utf8]
  *              - To use or not the peripheral<92>s drivers in application code(i.e. 
                                               ^
./Include/stm32f4xx.h(16): warning: invalid UTF-8 in comment [-Winvalid-utf8]
  *                code will be based on direct access to peripheral<92>s registers 
                                                                    ^
./Include/stm32f4xx.h(23): warning: invalid UTF-8 in comment [-Winvalid-utf8]
  *           - Macros to access peripheral<92>s registers hardware
                                           ^
main.c(1): warning: In file included from...
./Include\stm32f4xx_gpio.h(38): warning: In file included from...
./Include/stm32f4xx.h(9113): warning: In file included from...
./Include/stm32f4xx_conf.h(40): warning: In file included from...
./Include/stm32f4xx_adc.h(38): warning: In file included from...
./Include/stm32f4xx.h(15): warning: invalid UTF-8 in comment [-Winvalid-utf8]
  *              - To use or not the peripheral<92>s drivers in application code(i.e. 
                                               ^
./Include/stm32f4xx.h(16): warning: invalid UTF-8 in comment [-Winvalid-utf8]
  *                code will be based on direct access to peripheral<92>s registers 
                                                                    ^
./Include/stm32f4xx.h(23): warning: invalid UTF-8 in comment [-Winvalid-utf8]
  *           - Macros to access peripheral<92>s registers hardware
                                           ^
main.c(1): warning: In file included from...
./Include\stm32f4xx_gpio.h(38): warning: In file included from...
./Include/stm32f4xx.h(9113): warning: In file included from...
./Include/stm32f4xx_conf.h(41): warning: In file included from...
./Include/stm32f4xx_crc.h(38): warning: In file included from...
./Include/stm32f4xx.h(15): warning: invalid UTF-8 in comment [-Winvalid-utf8]
  *              - To use or not the peripheral<92>s drivers in application code(i.e. 
                                               ^
./Include/stm32f4xx.h(16): warning: invalid UTF-8 in comment [-Winvalid-utf8]
  *                code will be based on direct access to peripheral<92>s registers 
                                                                    ^
./Include/stm32f4xx.h(23): warning: invalid UTF-8 in comment [-Winvalid-utf8]
  *           - Macros to access peripheral<92>s registers hardware
                                           ^
main.c(1): warning: In file included from...
./Include\stm32f4xx_gpio.h(38): warning: In file included from...
./Include/stm32f4xx.h(9113): warning: In file included from...
./Include/stm32f4xx_conf.h(42): warning: In file included from...
./Include/stm32f4xx_dbgmcu.h(37): warning: In file included from...
./Include/stm32f4xx.h(15): warning: invalid UTF-8 in comment [-Winvalid-utf8]
  *              - To use or not the peripheral<92>s drivers in application code(i.e. 
                                               ^
./Include/stm32f4xx.h(16): warning: invalid UTF-8 in comment [-Winvalid-utf8]
  *                code will be based on direct access to peripheral<92>s registers 
                                                                    ^
./Include/stm32f4xx.h(23): warning: invalid UTF-8 in comment [-Winvalid-utf8]
  *           - Macros to access peripheral<92>s registers hardware
                                           ^
main.c(1): warning: In file included from...
./Include\stm32f4xx_gpio.h(38): warning: In file included from...
./Include/stm32f4xx.h(9113): warning: In file included from...
./Include/stm32f4xx_conf.h(43): warning: In file included from...
./Include/stm32f4xx_dma.h(38): warning: In file included from...
./Include/stm32f4xx.h(15): warning: invalid UTF-8 in comment [-Winvalid-utf8]
  *              - To use or not the peripheral<92>s drivers in application code(i.e. 
                                               ^
./Include/stm32f4xx.h(16): warning: invalid UTF-8 in comment [-Winvalid-utf8]
  *                code will be based on direct access to peripheral<92>s registers 
                                                                    ^
./Include/stm32f4xx.h(23): warning: invalid UTF-8 in comment [-Winvalid-utf8]
  *           - Macros to access peripheral<92>s registers hardware
                                           ^
main.c(1): warning: In file included from...
./Include\stm32f4xx_gpio.h(38): warning: In file included from...
./Include/stm32f4xx.h(9113): warning: In file included from...
./Include/stm32f4xx_conf.h(44): warning: In file included from...
./Include/stm32f4xx_exti.h(38): warning: In file included from...
./Include/stm32f4xx.h(15): warning: invalid UTF-8 in comment [-Winvalid-utf8]
  *              - To use or not the peripheral<92>s drivers in application code(i.e. 
                                               ^
./Include/stm32f4xx.h(16): warning: invalid UTF-8 in comment [-Winvalid-utf8]
  *                code will be based on direct access to peripheral<92>s registers 
                                                                    ^
./Include/stm32f4xx.h(23): warning: invalid UTF-8 in comment [-Winvalid-utf8]
  *           - Macros to access peripheral<92>s registers hardware
                                           ^
main.c(1): warning: In file included from...
./Include\stm32f4xx_gpio.h(38): warning: In file included from...
./Include/stm32f4xx.h(9113): warning: In file included from...
./Include/stm32f4xx_conf.h(45): warning: In file included from...
./Include/stm32f4xx_flash.h(38): warning: In file included from...
./Include/stm32f4xx.h(15): warning: invalid UTF-8 in comment [-Winvalid-utf8]
  *              - To use or not the peripheral<92>s drivers in application code(i.e. 
                                               ^
./Include/stm32f4xx.h(16): warning: invalid UTF-8 in comment [-Winvalid-utf8]
  *                code will be based on direct access to peripheral<92>s registers 
                                                                    ^
./Include/stm32f4xx.h(23): warning: invalid UTF-8 in comment [-Winvalid-utf8]
  *           - Macros to access peripheral<92>s registers hardware
                                           ^
main.c(1): warning: In file included from...
./Include/stm32f4xx_gpio.h(38): warning: In file included from...
./Include/stm32f4xx.h(9113): warning: In file included from...
./Include/stm32f4xx_conf.h(47): warning: In file included from...
./Include/stm32f4xx_i2c.h(38): warning: In file included from...
./Include/stm32f4xx.h(15): warning: invalid UTF-8 in comment [-Winvalid-utf8]
  *              - To use or not the peripheral<92>s drivers in application code(i.e. 
                                               ^
./Include/stm32f4xx.h(16): warning: invalid UTF-8 in comment [-Winvalid-utf8]
  *                code will be based on direct access to peripheral<92>s registers 
                                                                    ^
./Include/stm32f4xx.h(23): warning: invalid UTF-8 in comment [-Winvalid-utf8]
  *           - Macros to access peripheral<92>s registers hardware
                                           ^
main.c(1): warning: In file included from...
./Include/stm32f4xx_gpio.h(38): warning: In file included from...
./Include/stm32f4xx.h(9113): warning: In file included from...
./Include/stm32f4xx_conf.h(48): warning: In file included from...
./Include/stm32f4xx_iwdg.h(38): warning: In file included from...
./Include/stm32f4xx.h(15): warning: invalid UTF-8 in comment [-Winvalid-utf8]
  *              - To use or not the peripheral<92>s drivers in application code(i.e. 
                                               ^
./Include/stm32f4xx.h(16): warning: invalid UTF-8 in comment [-Winvalid-utf8]
  *                code will be based on direct access to peripheral<92>s registers 
                                                                    ^
./Include/stm32f4xx.h(23): warning: invalid UTF-8 in comment [-Winvalid-utf8]
  *           - Macros to access peripheral<92>s registers hardware
                                           ^
main.c(1): warning: In file included from...
./Include/stm32f4xx_gpio.h(38): warning: In file included from...
./Include/stm32f4xx.h(9113): warning: In file included from...
./Include/stm32f4xx_conf.h(49): warning: In file included from...
./Include/stm32f4xx_pwr.h(38): warning: In file included from...
./Include/stm32f4xx.h(15): warning: invalid UTF-8 in comment [-Winvalid-utf8]
  *              - To use or not the peripheral<92>s drivers in application code(i.e. 
                                               ^
./Include/stm32f4xx.h(16): warning: invalid UTF-8 in comment [-Winvalid-utf8]
  *                code will be based on direct access to peripheral<92>s registers 
                                                                    ^
./Include/stm32f4xx.h(23): warning: invalid UTF-8 in comment [-Winvalid-utf8]
  *           - Macros to access peripheral<92>s registers hardware
                                           ^
main.c(1): warning: In file included from...
./Include/stm32f4xx_gpio.h(38): warning: In file included from...
./Include/stm32f4xx.h(9113): warning: In file included from...
./Include/stm32f4xx_conf.h(50): warning: In file included from...
./Include/stm32f4xx_rcc.h(37): warning: In file included from...
./Include/stm32f4xx.h(15): warning: invalid UTF-8 in comment [-Winvalid-utf8]
  *              - To use or not the peripheral<92>s drivers in application code(i.e. 
                                               ^
./Include/stm32f4xx.h(16): warning: invalid UTF-8 in comment [-Winvalid-utf8]
  *                code will be based on direct access to peripheral<92>s registers 
                                                                    ^
./Include/stm32f4xx.h(23): warning: invalid UTF-8 in comment [-Winvalid-utf8]
  *           - Macros to access peripheral<92>s registers hardware
                                           ^
main.c(1): warning: In file included from...
./Include/stm32f4xx_gpio.h(38): warning: In file included from...
./Include/stm32f4xx.h(9113): warning: In file included from...
./Include/stm32f4xx_conf.h(51): warning: In file included from...
./Include/stm32f4xx_rng.h(38): warning: In file included from...
./Include/stm32f4xx.h(15): warning: invalid UTF-8 in comment [-Winvalid-utf8]
  *              - To use or not the peripheral<92>s drivers in application code(i.e. 
                                               ^
./Include/stm32f4xx.h(16): warning: invalid UTF-8 in comment [-Winvalid-utf8]
  *                code will be based on direct access to peripheral<92>s registers 
                                                                    ^
./Include/stm32f4xx.h(23): warning: invalid UTF-8 in comment [-Winvalid-utf8]
  *           - Macros to access peripheral<92>s registers hardware
                                           ^
main.c(1): warning: In file included from...
./Include/stm32f4xx_gpio.h(38): warning: In file included from...
./Include/stm32f4xx.h(9113): warning: In file included from...
./Include/stm32f4xx_conf.h(52): warning: In file included from...
./Include/stm32f4xx_rtc.h(38): warning: In file included from...
./Include/stm32f4xx.h(15): warning: invalid UTF-8 in comment [-Winvalid-utf8]
  *              - To use or not the peripheral<92>s drivers in application code(i.e. 
                                               ^
./Include/stm32f4xx.h(16): warning: invalid UTF-8 in comment [-Winvalid-utf8]
  *                code will be based on direct access to peripheral<92>s registers 
                                                                    ^
./Include/stm32f4xx.h(23): warning: invalid UTF-8 in comment [-Winvalid-utf8]
  *           - Macros to access peripheral<92>s registers hardware
                                           ^
main.c(1): warning: In file included from...
./Include/stm32f4xx_gpio.h(38): warning: In file included from...
./Include/stm32f4xx.h(9113): warning: In file included from...
./Include/stm32f4xx_conf.h(53): warning: In file included from...
./Include/stm32f4xx_sdio.h(38): warning: In file included from...
./Include/stm32f4xx.h(15): warning: invalid UTF-8 in comment [-Winvalid-utf8]
  *              - To use or not the peripheral<92>s drivers in application code(i.e. 
                                               ^
./Include/stm32f4xx.h(16): warning: invalid UTF-8 in comment [-Winvalid-utf8]
  *                code will be based on direct access to peripheral<92>s registers 
                                                                    ^
./Include/stm32f4xx.h(23): warning: invalid UTF-8 in comment [-Winvalid-utf8]
  *           - Macros to access peripheral<92>s registers hardware
                                           ^
main.c(1): warning: In file included from...
./Include/stm32f4xx_gpio.h(38): warning: In file included from...
./Include/stm32f4xx.h(9113): warning: In file included from...
./Include/stm32f4xx_conf.h(54): warning: In file included from...
./Include/stm32f4xx_spi.h(38): warning: In file included from...
./Include/stm32f4xx.h(15): warning: invalid UTF-8 in comment [-Winvalid-utf8]
  *              - To use or not the peripheral<92>s drivers in application code(i.e. 
                                               ^
./Include/stm32f4xx.h(16): warning: invalid UTF-8 in comment [-Winvalid-utf8]
  *                code will be based on direct access to peripheral<92>s registers 
                                                                    ^
./Include/stm32f4xx.h(23): warning: invalid UTF-8 in comment [-Winvalid-utf8]
  *           - Macros to access peripheral<92>s registers hardware
                                           ^
main.c(1): warning: In file included from...
./Include/stm32f4xx_gpio.h(38): warning: In file included from...
./Include/stm32f4xx.h(9113): warning: In file included from...
./Include/stm32f4xx_conf.h(55): warning: In file included from...
./Include/stm32f4xx_syscfg.h(38): warning: In file included from...
./Include/stm32f4xx.h(15): warning: invalid UTF-8 in comment [-Winvalid-utf8]
  *              - To use or not the peripheral<92>s drivers in application code(i.e. 
                                               ^
./Include/stm32f4xx.h(16): warning: invalid UTF-8 in comment [-Winvalid-utf8]
  *                code will be based on direct access to peripheral<92>s registers 
                                                                    ^
./Include/stm32f4xx.h(23): warning: invalid UTF-8 in comment [-Winvalid-utf8]
  *           - Macros to access peripheral<92>s registers hardware
                                           ^
main.c(1): warning: In file included from...
./Include/stm32f4xx_gpio.h(38): warning: In file included from...
./Include/stm32f4xx.h(9113): warning: In file included from...
./Include/stm32f4xx_conf.h(56): warning: In file included from...
./Include/stm32f4xx_tim.h(38): warning: In file included from...
./Include/stm32f4xx.h(15): warning: invalid UTF-8 in comment [-Winvalid-utf8]
  *              - To use or not the peripheral<92>s drivers in application code(i.e. 
                                               ^
./Include/stm32f4xx.h(16): warning: invalid UTF-8 in comment [-Winvalid-utf8]
  *                code will be based on direct access to peripheral<92>s registers 
                                                                    ^
./Include/stm32f4xx.h(23): warning: invalid UTF-8 in comment [-Winvalid-utf8]
  *           - Macros to access peripheral<92>s registers hardware
                                           ^
main.c(1): warning: In file included from...
./Include/stm32f4xx_gpio.h(38): warning: In file included from...
./Include/stm32f4xx.h(9113): warning: In file included from...
./Include/stm32f4xx_conf.h(57): warning: In file included from...
./Include/stm32f4xx_usart.h(38): warning: In file included from...
./Include/stm32f4xx.h(15): warning: invalid UTF-8 in comment [-Winvalid-utf8]
  *              - To use or not the peripheral<92>s drivers in application code(i.e. 
                                               ^
./Include/stm32f4xx.h(16): warning: invalid UTF-8 in comment [-Winvalid-utf8]
  *                code will be based on direct access to peripheral<92>s registers 
                                                                    ^
./Include/stm32f4xx.h(23): warning: invalid UTF-8 in comment [-Winvalid-utf8]
  *           - Macros to access peripheral<92>s registers hardware
                                           ^
main.c(1): warning: In file included from...
./Include/stm32f4xx_gpio.h(38): warning: In file included from...
./Include/stm32f4xx.h(9113): warning: In file included from...
./Include/stm32f4xx_conf.h(58): warning: In file included from...
./Include/stm32f4xx_wwdg.h(38): warning: In file included from...
./Include/stm32f4xx.h(15): warning: invalid UTF-8 in comment [-Winvalid-utf8]
  *              - To use or not the peripheral<92>s drivers in application code(i.e. 
                                               ^
./Include/stm32f4xx.h(16): warning: invalid UTF-8 in comment [-Winvalid-utf8]
  *                code will be based on direct access to peripheral<92>s registers 
                                                                    ^
./Include/stm32f4xx.h(23): warning: invalid UTF-8 in comment [-Winvalid-utf8]
  *           - Macros to access peripheral<92>s registers hardware
                                           ^
main.c(1): warning: In file included from...
./Include/stm32f4xx_gpio.h(38): warning: In file included from...
./Include/stm32f4xx.h(9113): warning: In file included from...
./Include/stm32f4xx_conf.h(59): warning: In file included from...
./Include/misc.h(38): warning: In file included from...
./Include/stm32f4xx.h(15): warning: invalid UTF-8 in comment [-Winvalid-utf8]
  *              - To use or not the peripheral<92>s drivers in application code(i.e. 
                                               ^
./Include/stm32f4xx.h(16): warning: invalid UTF-8 in comment [-Winvalid-utf8]
  *                code will be based on direct access to peripheral<92>s registers 
                                                                    ^
./Include/stm32f4xx.h(23): warning: invalid UTF-8 in comment [-Winvalid-utf8]
  *           - Macros to access peripheral<92>s registers hardware
                                           ^
60 warnings generated.
compiling main.c...
linking...
Program Size: Code=684 RO-data=420 RW-data=0 ZI-data=1648  
FromELF: creating hex file...
".\Objects\lab11_6.axf" - 0 Error(s), 60 Warning(s).

<h2>Software Packages used:</h2>

Package Vendor: ARM
                http://www.keil.com/pack/ARM.CMSIS.5.9.0.pack
                ARM.CMSIS.5.9.0
                CMSIS (Common Microcontroller Software Interface Standard)
   * Component: CORE Version: 5.6.0

Package Vendor: Keil
                http://www.keil.com/pack/Keil.STM32F4xx_DFP.2.16.0.pack
                Keil.STM32F4xx_DFP.2.16.0
                STMicroelectronics STM32F4 Series Device Support, Drivers and Examples
   * Component: Startup Version: 2.6.3

<h2>Collection of Component include folders:</h2>
  ./RTE/_Target_1
  C:/Users/Nick/AppData/Local/Arm/Packs/ARM/CMSIS/5.9.0/CMSIS/Core/Include
  C:/Users/Nick/AppData/Local/Arm/Packs/Keil/STM32F4xx_DFP/2.16.0/Drivers/CMSIS/Device/ST/STM32F4xx/Include

<h2>Collection of Component Files used:</h2>

   * Component: ARM::CMSIS:CORE:5.6.0

   * Component: Keil::Device:Startup:2.6.3
      Include file:  Drivers/CMSIS/Device/ST/STM32F4xx/Include/stm32f4xx.h
      Source file:   MDK/Device/Source/ARM/STM32F401xx_OPT.s
      Source file:   MDK/Device/Source/ARM/STM32F4xx_OTP.s
      Source file:   Drivers/CMSIS/Device/ST/STM32F4xx/Source/Templates/arm/startup_stm32f401xc.s
      Source file:   Drivers/CMSIS/Device/ST/STM32F4xx/Source/Templates/system_stm32f4xx.c
Build Time Elapsed:  00:00:00
</pre>
</body>
</html>
